../Core/Src/main.c:85:6:processReceivedMessage	16	static
../Core/Src/main.c:108:6:sendResponse	16	static
../Core/Src/main.c:126:5:main	8	static
../Core/Src/main.c:184:6:SystemClock_Config	88	static
../Core/Src/main.c:227:13:MX_RTC_Init	8	static
../Core/Src/main.c:262:13:MX_TIM3_Init	32	static
../Core/Src/main.c:307:13:MX_USART1_UART_Init	8	static
../Core/Src/main.c:340:13:MX_GPIO_Init	16	static
../Core/Src/main.c:354:6:HAL_TIM_PeriodElapsedCallback	16	static
../Core/Src/main.c:364:6:HAL_UART_RxCpltCallback	16	static
../Core/Src/main.c:396:6:Error_Handler	4	static,ignoring_inline_asm
